Archive member included because of file (symbol)

e:/cross_tool/bin/../lib/gcc/arm-none-eabi/4.8.3/../../../../arm-none-eabi/lib/armv7-m\libc_s.a(lib_a-exit.o)
                              e:/cross_tool/bin/../lib/gcc/arm-none-eabi/4.8.3/../../../../arm-none-eabi/lib/armv7-m/crt0.o (exit)
e:/cross_tool/bin/../lib/gcc/arm-none-eabi/4.8.3/../../../../arm-none-eabi/lib/armv7-m\libc_s.a(lib_a-impure.o)
                              e:/cross_tool/bin/../lib/gcc/arm-none-eabi/4.8.3/../../../../arm-none-eabi/lib/armv7-m\libc_s.a(lib_a-exit.o) (_global_impure_ptr)
e:/cross_tool/bin/../lib/gcc/arm-none-eabi/4.8.3/../../../../arm-none-eabi/lib/armv7-m\libc_s.a(lib_a-init.o)
                              e:/cross_tool/bin/../lib/gcc/arm-none-eabi/4.8.3/../../../../arm-none-eabi/lib/armv7-m/crt0.o (__libc_init_array)
e:/cross_tool/bin/../lib/gcc/arm-none-eabi/4.8.3/../../../../arm-none-eabi/lib/armv7-m\libc_s.a(lib_a-memset.o)
                              e:/cross_tool/bin/../lib/gcc/arm-none-eabi/4.8.3/../../../../arm-none-eabi/lib/armv7-m/crt0.o (memset)
e:/cross_tool/bin/../lib/gcc/arm-none-eabi/4.8.3/../../../../arm-none-eabi/lib/armv7-m\libnosys.a(_exit.o)
                              e:/cross_tool/bin/../lib/gcc/arm-none-eabi/4.8.3/../../../../arm-none-eabi/lib/armv7-m\libc_s.a(lib_a-exit.o) (_exit)

Discarded input sections

 .text          0x00000000        0x0 e:/cross_tool/bin/../lib/gcc/arm-none-eabi/4.8.3/armv7-m/crti.o
 .data          0x00000000        0x0 e:/cross_tool/bin/../lib/gcc/arm-none-eabi/4.8.3/armv7-m/crti.o
 .bss           0x00000000        0x0 e:/cross_tool/bin/../lib/gcc/arm-none-eabi/4.8.3/armv7-m/crti.o
 .data          0x00000000        0x4 e:/cross_tool/bin/../lib/gcc/arm-none-eabi/4.8.3/armv7-m/crtbegin.o
 .text          0x00000000       0x74 e:/cross_tool/bin/../lib/gcc/arm-none-eabi/4.8.3/../../../../arm-none-eabi/lib/armv7-m/crt0.o
 .data          0x00000000        0x0 e:/cross_tool/bin/../lib/gcc/arm-none-eabi/4.8.3/../../../../arm-none-eabi/lib/armv7-m/crt0.o
 .bss           0x00000000        0x0 e:/cross_tool/bin/../lib/gcc/arm-none-eabi/4.8.3/../../../../arm-none-eabi/lib/armv7-m/crt0.o
 .ARM.extab     0x00000000        0x0 e:/cross_tool/bin/../lib/gcc/arm-none-eabi/4.8.3/../../../../arm-none-eabi/lib/armv7-m/crt0.o
 .ARM.exidx     0x00000000        0x8 e:/cross_tool/bin/../lib/gcc/arm-none-eabi/4.8.3/../../../../arm-none-eabi/lib/armv7-m/crt0.o
 .ARM.attributes
                0x00000000       0x1b e:/cross_tool/bin/../lib/gcc/arm-none-eabi/4.8.3/../../../../arm-none-eabi/lib/armv7-m/crt0.o
 .text          0x00000000        0x0 ./USER/CoIDE_startup.o
 .data          0x00000000        0x0 ./USER/CoIDE_startup.o
 .bss           0x00000000        0x0 ./USER/CoIDE_startup.o
 .co_stack      0x00000000      0x400 ./USER/CoIDE_startup.o
 .text          0x00000000        0x0 ./USER/main.o
 .data          0x00000000        0x0 ./USER/main.o
 .bss           0x00000000        0x0 ./USER/main.o
 .text          0x00000000        0x0 ./USER/stm32f10x_it.o
 .data          0x00000000        0x0 ./USER/stm32f10x_it.o
 .bss           0x00000000        0x0 ./USER/stm32f10x_it.o
 .text          0x00000000        0x0 ./USER/system_stm32f10x.o
 .data          0x00000000        0x0 ./USER/system_stm32f10x.o
 .bss           0x00000000        0x0 ./USER/system_stm32f10x.o
 .data.AHBPrescTable
                0x00000000       0x10 ./USER/system_stm32f10x.o
 .text.SystemCoreClockUpdate
                0x00000000       0xd8 ./USER/system_stm32f10x.o
 .text          0x00000000        0x0 ./USER/uart_isp.o
 .data          0x00000000        0x0 ./USER/uart_isp.o
 .bss           0x00000000        0x0 ./USER/uart_isp.o
 .text.put_hex  0x00000000       0x7c ./USER/uart_isp.o
 .text.isp_send_int
                0x00000000       0x34 ./USER/uart_isp.o
 .text.isp_send_word
                0x00000000       0x34 ./USER/uart_isp.o
 .text          0x00000000        0x0 ./STM32F10x_FWLib/src/misc.o
 .data          0x00000000        0x0 ./STM32F10x_FWLib/src/misc.o
 .bss           0x00000000        0x0 ./STM32F10x_FWLib/src/misc.o
 .text.NVIC_SystemLPConfig
                0x00000000       0x40 ./STM32F10x_FWLib/src/misc.o
 .text          0x00000000        0x0 ./STM32F10x_FWLib/src/stm32f10x_adc.o
 .data          0x00000000        0x0 ./STM32F10x_FWLib/src/stm32f10x_adc.o
 .bss           0x00000000        0x0 ./STM32F10x_FWLib/src/stm32f10x_adc.o
 .text.ADC_DeInit
                0x00000000       0x74 ./STM32F10x_FWLib/src/stm32f10x_adc.o
 .text.ADC_Init
                0x00000000       0xa4 ./STM32F10x_FWLib/src/stm32f10x_adc.o
 .text.ADC_StructInit
                0x00000000       0x38 ./STM32F10x_FWLib/src/stm32f10x_adc.o
 .text.ADC_Cmd  0x00000000       0x38 ./STM32F10x_FWLib/src/stm32f10x_adc.o
 .text.ADC_DMACmd
                0x00000000       0x38 ./STM32F10x_FWLib/src/stm32f10x_adc.o
 .text.ADC_ITConfig
                0x00000000       0x44 ./STM32F10x_FWLib/src/stm32f10x_adc.o
 .text.ADC_ResetCalibration
[...]
Memory Configuration

Name             Origin             Length             Attributes
FLASH            0x08000000         0x00040000         xr
RAM              0x20000000         0x0000c000         xrw
MEMORY_B1        0x60000000         0x00000000         xr
*default*        0x00000000         0xffffffff

Linker script and memory map

LOAD e:/cross_tool/bin/../lib/gcc/arm-none-eabi/4.8.3/armv7-m/crti.o
LOAD e:/cross_tool/bin/../lib/gcc/arm-none-eabi/4.8.3/armv7-m/crtbegin.o
LOAD e:/cross_tool/bin/../lib/gcc/arm-none-eabi/4.8.3/../../../../arm-none-eabi/lib/armv7-m/crt0.o
LOAD ./USER/CoIDE_startup.o
LOAD ./USER/main.o
LOAD ./USER/stm32f10x_it.o
LOAD ./USER/system_stm32f10x.o
LOAD ./USER/uart_isp.o
LOAD ./STM32F10x_FWLib/src/misc.o
LOAD ./STM32F10x_FWLib/src/stm32f10x_adc.o
LOAD ./STM32F10x_FWLib/src/stm32f10x_bkp.o
LOAD ./STM32F10x_FWLib/src/stm32f10x_can.o
LOAD ./STM32F10x_FWLib/src/stm32f10x_cec.o
LOAD ./STM32F10x_FWLib/src/stm32f10x_crc.o
LOAD ./STM32F10x_FWLib/src/stm32f10x_dac.o
LOAD ./STM32F10x_FWLib/src/stm32f10x_dbgmcu.o
LOAD ./STM32F10x_FWLib/src/stm32f10x_dma.o
LOAD ./STM32F10x_FWLib/src/stm32f10x_exti.o
LOAD ./STM32F10x_FWLib/src/stm32f10x_flash.o
LOAD ./STM32F10x_FWLib/src/stm32f10x_fsmc.o
LOAD ./STM32F10x_FWLib/src/stm32f10x_gpio.o
LOAD ./STM32F10x_FWLib/src/stm32f10x_i2c.o
LOAD ./STM32F10x_FWLib/src/stm32f10x_iwdg.o
LOAD ./STM32F10x_FWLib/src/stm32f10x_pwr.o
LOAD ./STM32F10x_FWLib/src/stm32f10x_rcc.o
LOAD ./STM32F10x_FWLib/src/stm32f10x_rtc.o
LOAD ./STM32F10x_FWLib/src/stm32f10x_sdio.o
LOAD ./STM32F10x_FWLib/src/stm32f10x_spi.o
LOAD ./STM32F10x_FWLib/src/stm32f10x_systick.o
LOAD ./STM32F10x_FWLib/src/stm32f10x_tim.o
LOAD ./STM32F10x_FWLib/src/stm32f10x_usart.o
LOAD ./STM32F10x_FWLib/src/stm32f10x_wwdg.o
LOAD ./SYSTEM/delay.o
LOAD ./SYSTEM/sys.o
LOAD ./HARDWARE/led.o
START GROUP
LOAD e:/cross_tool/bin/../lib/gcc/arm-none-eabi/4.8.3/../../../../arm-none-eabi/lib/armv7-m\libc_s.a
LOAD e:/cross_tool/bin/../lib/gcc/arm-none-eabi/4.8.3/../../../../arm-none-eabi/lib/armv7-m\libm.a
END GROUP
START GROUP
LOAD e:/cross_tool/bin/../lib/gcc/arm-none-eabi/4.8.3/armv7-m\libgcc.a
LOAD e:/cross_tool/bin/../lib/gcc/arm-none-eabi/4.8.3/../../../../arm-none-eabi/lib/armv7-m\libc_s.a
END GROUP
START GROUP
LOAD e:/cross_tool/bin/../lib/gcc/arm-none-eabi/4.8.3/armv7-m\libgcc.a
LOAD e:/cross_tool/bin/../lib/gcc/arm-none-eabi/4.8.3/../../../../arm-none-eabi/lib/armv7-m\libc_s.a
LOAD e:/cross_tool/bin/../lib/gcc/arm-none-eabi/4.8.3/../../../../arm-none-eabi/lib/armv7-m\libnosys.a
END GROUP
START GROUP
LOAD e:/cross_tool/bin/../lib/gcc/arm-none-eabi/4.8.3/armv7-m\libgcc.a
LOAD e:/cross_tool/bin/../lib/gcc/arm-none-eabi/4.8.3/../../../../arm-none-eabi/lib/armv7-m\libc_s.a
LOAD e:/cross_tool/bin/../lib/gcc/arm-none-eabi/4.8.3/../../../../arm-none-eabi/lib/armv7-m\libnosys.a
END GROUP
LOAD e:/cross_tool/bin/../lib/gcc/arm-none-eabi/4.8.3/armv7-m/crtend.o
LOAD e:/cross_tool/bin/../lib/gcc/arm-none-eabi/4.8.3/armv7-m/crtn.o
                0x20010000                _estack = 0x20010000
                0x00000000                _Min_Heap_Size = 0x0
                0x00000200                _Min_Stack_Size = 0x200

.isr_vector     0x08000000      0x134
                0x08000000                . = ALIGN (0x4)
 *(.isr_vector)
 .isr_vector    0x08000000      0x134 ./USER/CoIDE_startup.o
                0x08000000                g_pfnVectors
                0x08000134                . = ALIGN (0x4)

.text           0x08000134     0x1c4c
                0x08000134                . = ALIGN (0x4)
 *(.text)
 .text          0x08000134       0x54 e:/cross_tool/bin/../lib/gcc/arm-none-eabi/4.8.3/armv7-m/crtbegin.o
 *(.text*)
 .text.Default_Reset_Handler
                0x08000188       0x60 ./USER/CoIDE_startup.o
                0x08000188                Default_Reset_Handler
                0x08000188                Reset_Handler
 .text.Default_Handler
                0x080001e8        0x8 ./USER/CoIDE_startup.o
                0x080001e8                EXTI2_IRQHandler
                0x080001e8                TIM8_TRG_COM_IRQHandler
                0x080001e8                TIM8_CC_IRQHandler
                0x080001e8                TIM1_CC_IRQHandler
                0x080001e8                TIM6_IRQHandler
                0x080001e8                PVD_IRQHandler
                0x080001e8                SDIO_IRQHandler
                0x080001e8                EXTI3_IRQHandler
                0x080001e8                EXTI0_IRQHandler
                0x080001e8                I2C2_EV_IRQHandler
                0x080001e8                ADC1_2_IRQHandler
                0x080001e8                SPI1_IRQHandler
                0x080001e8                TAMPER_IRQHandler
                0x080001e8                TIM8_UP_IRQHandler
                0x080001e8                DMA2_Channel2_IRQHandler
                0x080001e8                DMA1_Channel4_IRQHandler
                0x080001e8                USART3_IRQHandler
                0x080001e8                RTC_IRQHandler
                0x080001e8                DMA1_Channel7_IRQHandler
                0x080001e8                CAN1_RX1_IRQHandler
                0x080001e8                UART5_IRQHandler
                0x080001e8                ADC3_IRQHandler
                0x080001e8                TIM4_IRQHandler
                0x080001e8                DMA2_Channel1_IRQHandler
                0x080001e8                I2C1_EV_IRQHandler
                0x080001e8                DMA1_Channel6_IRQHandler
                0x080001e8                UART4_IRQHandler
                0x080001e8                TIM3_IRQHandler
                0x080001e8                RCC_IRQHandler
                0x080001e8                TIM1_TRG_COM_IRQHandler
                0x080001e8                DMA1_Channel1_IRQHandler
                0x080001e8                EXTI15_10_IRQHandler
                0x080001e8                TIM7_IRQHandler
                0x080001e8                TIM5_IRQHandler
                0x080001e8                EXTI9_5_IRQHandler
                0x080001e8                SPI2_IRQHandler
                0x080001e8                DMA1_Channel5_IRQHandler
                0x080001e8                EXTI4_IRQHandler
                0x080001e8                USB_LP_CAN1_RX0_IRQHandler
                0x080001e8                USB_HP_CAN1_TX_IRQHandler
                0x080001e8                DMA1_Channel3_IRQHandler
                0x080001e8                FSMC_IRQHandler
                0x080001e8                TIM1_UP_IRQHandler
                0x080001e8                WWDG_IRQHandler
                0x080001e8                TIM2_IRQHandler
                0x080001e8                TIM1_BRK_IRQHandler
                0x080001e8                EXTI1_IRQHandler
                0x080001e8                RTCAlarm_IRQHandler
                0x080001e8                DMA2_Channel4_5_IRQHandler
                0x080001e8                USART2_IRQHandler
                0x080001e8                I2C2_ER_IRQHandler
                0x080001e8                DMA1_Channel2_IRQHandler
                0x080001e8                TIM8_BRK_IRQHandler
                0x080001e8                CAN1_SCE_IRQHandler
                0x080001e8                FLASH_IRQHandler
                0x080001e8                SPI3_IRQHandler
                0x080001e8                I2C1_ER_IRQHandler
                0x080001e8                USBWakeUp_IRQHandler
                0x080001e8                DMA2_Channel3_IRQHandler
 .text.print_usage
                0x080001f0       0x70 ./USER/main.o
 .text.Jump_2_App
                0x08000260       0x28 ./USER/main.o
 .text.get_user_input
                0x08000288       0x5c ./USER/main.o
 .text.led_test
                0x080002e4       0x44 ./USER/main.o
 .text.isp_rx_app
                0x08000328      0x100 ./USER/main.o
 .text.copy_text_to_SRAM
                0x08000428       0x40 ./USER/main.o
 .text.FlashWrite
                0x08000468       0x84 ./USER/main.o
 .text.write_firm_to_Flash
                0x080004ec       0xb4 ./USER/main.o
 .text.main     0x080005a0       0xf4 ./USER/main.o
                0x080005a0                main
 .text.NMI_Handler
                0x08000694        0xc ./USER/stm32f10x_it.o
                0x08000694                NMI_Handler
 .text.HardFault_Handler
                0x080006a0        0x8 ./USER/stm32f10x_it.o
                0x080006a0                HardFault_Handler
 .text.MemManage_Handler
                0x080006a8        0x8 ./USER/stm32f10x_it.o
                0x080006a8                MemManage_Handler
 .text.BusFault_Handler
                0x080006b0        0x8 ./USER/stm32f10x_it.o
                0x080006b0                BusFault_Handler
 .text.UsageFault_Handler
                0x080006b8        0x8 ./USER/stm32f10x_it.o
                0x080006b8                UsageFault_Handler
 .text.SVC_Handler
                0x080006c0        0xc ./USER/stm32f10x_it.o
                0x080006c0                SVC_Handler
 .text.DebugMon_Handler
                0x080006cc        0xc ./USER/stm32f10x_it.o
                0x080006cc                DebugMon_Handler
 .text.PendSV_Handler
                0x080006d8        0xc ./USER/stm32f10x_it.o
                0x080006d8                PendSV_Handler
 .text.SysTick_Handler
                0x080006e4        0xc ./USER/stm32f10x_it.o
                0x080006e4                SysTick_Handler
 .text.SystemInit
                0x080006f0       0x68 ./USER/system_stm32f10x.o
                0x080006f0                SystemInit
 .text.SetSysClock
                0x08000758        0xc ./USER/system_stm32f10x.o
 .text.SetSysClockTo72
                0x08000764      0x100 ./USER/system_stm32f10x.o
 .text.get_hex  0x08000864       0x2c ./USER/uart_isp.o
 .text.uart_put_uchar
                0x08000890       0x44 ./USER/uart_isp.o
 .text.print_mem
                0x080008d4       0x84 ./USER/uart_isp.o
                0x080008d4                print_mem
 .text.put_string
                0x08000958       0x34 ./USER/uart_isp.o
                0x08000958                put_string
 .text.isp_send_char
                0x0800098c       0x2c ./USER/uart_isp.o
                0x0800098c                isp_send_char
 .text.isp_rece_char
                0x080009b8       0x2c ./USER/uart_isp.o
                0x080009b8                isp_rece_char
 .text.isp_init
                0x080009e4       0xdc ./USER/uart_isp.o
                0x080009e4                isp_init
 .text.USART1_IRQHandler
                0x08000ac0        0xc ./USER/uart_isp.o
                0x08000ac0                USART1_IRQHandler
 .text.isp_rx_pkg
                0x08000acc      0x160 ./USER/uart_isp.o
                0x08000acc                isp_rx_pkg
 .text.handle_upgrade_data
                0x08000c2c      0x1e0 ./USER/uart_isp.o
                0x08000c2c                handle_upgrade_data
 .text.response_to_server
                0x08000e0c       0x84 ./USER/uart_isp.o
                0x08000e0c                response_to_server
 .text.cmp_upgrade_data
                0x08000e90      0x210 ./USER/uart_isp.o
                0x08000e90                cmp_upgrade_data
 .text.NVIC_PriorityGroupConfig
                0x080010a0       0x24 ./STM32F10x_FWLib/src/misc.o
                0x080010a0                NVIC_PriorityGroupConfig
 .text.NVIC_Init
                0x080010c4       0xc0 ./STM32F10x_FWLib/src/misc.o
                0x080010c4                NVIC_Init
 .text.NVIC_SetVectorTable
                0x08001184       0x2c ./STM32F10x_FWLib/src/misc.o
                0x08001184                NVIC_SetVectorTable
 .text.FLASH_Unlock
                0x080011b0       0x24 ./STM32F10x_FWLib/src/stm32f10x_flash.o
                0x080011b0                FLASH_Unlock
 .text.FLASH_Lock
                0x080011d4       0x1c ./STM32F10x_FWLib/src/stm32f10x_flash.o
                0x080011d4                FLASH_Lock
 .text.FLASH_ErasePage
                0x080011f0       0x64 ./STM32F10x_FWLib/src/stm32f10x_flash.o
                0x080011f0                FLASH_ErasePage
 .text.FLASH_ProgramWord
                0x08001254       0x94 ./STM32F10x_FWLib/src/stm32f10x_flash.o
                0x08001254                FLASH_ProgramWord
 .text.FLASH_GetBank1Status
                0x080012e8       0x58 ./STM32F10x_FWLib/src/stm32f10x_flash.o
                0x080012e8                FLASH_GetBank1Status
 .text.FLASH_WaitForLastOperation
                0x08001340       0x44 ./STM32F10x_FWLib/src/stm32f10x_flash.o
                0x08001340                FLASH_WaitForLastOperation
 .text.GPIO_Init
                0x08001384      0x178 ./STM32F10x_FWLib/src/stm32f10x_gpio.o
                0x08001384                GPIO_Init
 .text.GPIO_PinRemapConfig
                0x080014fc       0xe0 ./STM32F10x_FWLib/src/stm32f10x_gpio.o
                0x080014fc                GPIO_PinRemapConfig
 .text.RCC_GetClocksFreq
                0x080015dc      0x164 ./STM32F10x_FWLib/src/stm32f10x_rcc.o
                0x080015dc                RCC_GetClocksFreq
 .text.RCC_APB2PeriphClockCmd
                0x08001740       0x3c ./STM32F10x_FWLib/src/stm32f10x_rcc.o
                0x08001740                RCC_APB2PeriphClockCmd
 .text.RCC_APB1PeriphClockCmd
                0x0800177c       0x3c ./STM32F10x_FWLib/src/stm32f10x_rcc.o
                0x0800177c                RCC_APB1PeriphClockCmd
 .text.RCC_APB2PeriphResetCmd
                0x080017b8       0x3c ./STM32F10x_FWLib/src/stm32f10x_rcc.o
                0x080017b8                RCC_APB2PeriphResetCmd
 .text.RCC_APB1PeriphResetCmd
                0x080017f4       0x3c ./STM32F10x_FWLib/src/stm32f10x_rcc.o
                0x080017f4                RCC_APB1PeriphResetCmd
 .text.SysTick_CLKSourceConfig
                0x08001830       0x38 ./STM32F10x_FWLib/src/stm32f10x_systick.o
                0x08001830                SysTick_CLKSourceConfig
 .text.USART_DeInit
                0x08001868       0xb8 ./STM32F10x_FWLib/src/stm32f10x_usart.o
                0x08001868                USART_DeInit
 .text.USART_Init
                0x08001920      0x174 ./STM32F10x_FWLib/src/stm32f10x_usart.o
                0x08001920                USART_Init
 .text.USART_ClockInit
                0x08001a94       0x54 ./STM32F10x_FWLib/src/stm32f10x_usart.o
                0x08001a94                USART_ClockInit
 .text.USART_Cmd
                0x08001ae8       0x40 ./STM32F10x_FWLib/src/stm32f10x_usart.o
                0x08001ae8                USART_Cmd
 .text.USART_ITConfig
                0x08001b28       0x90 ./STM32F10x_FWLib/src/stm32f10x_usart.o
                0x08001b28                USART_ITConfig
 .text.USART_GetFlagStatus
                0x08001bb8       0x38 ./STM32F10x_FWLib/src/stm32f10x_usart.o
                0x08001bb8                USART_GetFlagStatus
 .text.USART_ClearITPendingBit
                0x08001bf0       0x38 ./STM32F10x_FWLib/src/stm32f10x_usart.o
                0x08001bf0                USART_ClearITPendingBit
 .text.delay_init
                0x08001c28       0x48 ./SYSTEM/delay.o
                0x08001c28                delay_init
 .text.delay_ms
                0x08001c70       0x68 ./SYSTEM/delay.o
                0x08001c70                delay_ms
 .text.NVIC_Configuration
                0x08001cd8       0x10 ./SYSTEM/sys.o
                0x08001cd8                NVIC_Configuration
 .text.system_init
                0x08001ce8       0x30 ./SYSTEM/sys.o
                0x08001ce8                system_init
 .text.LED_Init
                0x08001d18       0x50 ./HARDWARE/led.o
                0x08001d18                LED_Init
 *(.glue_7)
 .glue_7        0x00000000        0x0 linker stubs
 *(.glue_7t)
 .glue_7t       0x00000000        0x0 linker stubs
 *(.eh_frame)
 .eh_frame      0x08001d68        0x0 e:/cross_tool/bin/../lib/gcc/arm-none-eabi/4.8.3/armv7-m/crtbegin.o
 *(.init)
 .init          0x08001d68        0x4 e:/cross_tool/bin/../lib/gcc/arm-none-eabi/4.8.3/armv7-m/crti.o
                0x08001d68                _init
 .init          0x08001d6c        0x8 e:/cross_tool/bin/../lib/gcc/arm-none-eabi/4.8.3/armv7-m/crtn.o
 *(.fini)
 .fini          0x08001d74        0x4 e:/cross_tool/bin/../lib/gcc/arm-none-eabi/4.8.3/armv7-m/crti.o
                0x08001d74                _fini
 .fini          0x08001d78        0x8 e:/cross_tool/bin/../lib/gcc/arm-none-eabi/4.8.3/armv7-m/crtn.o
                0x08001d80                . = ALIGN (0x4)
                0x08001d80                _etext = .

.vfp11_veneer   0x08001d80        0x0
 .vfp11_veneer  0x00000000        0x0 linker stubs

.v4_bx          0x08001d80        0x0
 .v4_bx         0x00000000        0x0 linker stubs

.iplt           0x08001d80        0x0
 .iplt          0x00000000        0x0 e:/cross_tool/bin/../lib/gcc/arm-none-eabi/4.8.3/armv7-m/crtbegin.o

.rodata         0x08001d80      0x1f8
                0x08001d80                . = ALIGN (0x4)
 *(.rodata)
 .rodata        0x08001d80      0x1f8 ./USER/main.o
 *(.rodata*)
                0x08001f78                . = ALIGN (0x4)

.rel.dyn        0x08001f78        0x0
 .rel.iplt      0x00000000        0x0 e:/cross_tool/bin/../lib/gcc/arm-none-eabi/4.8.3/armv7-m/crtbegin.o

.ARM.extab
 *(.ARM.extab* .gnu.linkonce.armextab.*)

.ARM            0x08001f78        0x0
                0x08001f78                __exidx_start = .
 *(.ARM.exidx*)
                0x08001f78                __exidx_end = .

.preinit_array  0x08001f78        0x0
                0x08001f78                PROVIDE (__preinit_array_start, .)
 *(.preinit_array*)
                0x08001f78                PROVIDE (__preinit_array_end, .)

.init_array     0x08001f78        0x4
                0x08001f78                PROVIDE (__init_array_start, .)
 *(SORT(.init_array.*))
 *(.init_array*)
 .init_array    0x08001f78        0x4 e:/cross_tool/bin/../lib/gcc/arm-none-eabi/4.8.3/armv7-m/crtbegin.o
                0x08001f7c                PROVIDE (__init_array_end, .)

.fini_array     0x08001f7c        0x4
                0x08001f7c                PROVIDE (__fini_array_start, .)
 *(SORT(.fini_array.*))
 *(.fini_array*)
 .fini_array    0x08001f7c        0x4 e:/cross_tool/bin/../lib/gcc/arm-none-eabi/4.8.3/armv7-m/crtbegin.o
                0x08001f80                PROVIDE (__fini_array_end, .)
                0x08001f80                _sidata = LOADADDR (.data)

.data           0x20000000       0x18 load address 0x08001f80
                0x20000000                . = ALIGN (0x4)
                0x20000000                _sdata = .
 *(.data)
 *(.data*)
 .data.SystemCoreClock
                0x20000000        0x4 ./USER/system_stm32f10x.o
                0x20000000                SystemCoreClock
 .data.APBAHBPrescTable
                0x20000004       0x10 ./STM32F10x_FWLib/src/stm32f10x_rcc.o
 .data.ADCPrescTable
                0x20000014        0x4 ./STM32F10x_FWLib/src/stm32f10x_rcc.o
                0x20000018                . = ALIGN (0x4)
                0x20000018                _edata = .

.jcr            0x20000018        0x0 load address 0x08001f98
 .jcr           0x20000018        0x0 e:/cross_tool/bin/../lib/gcc/arm-none-eabi/4.8.3/armv7-m/crtbegin.o

.igot.plt       0x20000018        0x0 load address 0x08001f98
 .igot.plt      0x00000000        0x0 e:/cross_tool/bin/../lib/gcc/arm-none-eabi/4.8.3/armv7-m/crtbegin.o
                0x20000018                . = ALIGN (0x4)

.bss            0x20000018       0x20 load address 0x08001f98
                0x20000018                _sbss = .
                0x20000018                __bss_start__ = _sbss
 *(.bss)
 .bss           0x20000018       0x1c e:/cross_tool/bin/../lib/gcc/arm-none-eabi/4.8.3/armv7-m/crtbegin.o
 *(.bss*)
 .bss.fac_us    0x20000034        0x1 ./SYSTEM/delay.o
 *fill*         0x20000035        0x1 
 .bss.fac_ms    0x20000036        0x2 ./SYSTEM/delay.o
 *(COMMON)
                0x20000038                . = ALIGN (0x4)
                0x20000038                _ebss = .
                0x20000038                __bss_end__ = _ebss

._user_heap_stack
                0x20000038      0x200 load address 0x08001f98
                0x20000038                . = ALIGN (0x4)
                0x20000038                PROVIDE (end, .)
                0x20000038                PROVIDE (_end, .)
                0x20000038                . = (. + _Min_Heap_Size)
                0x20000238                . = (. + _Min_Stack_Size)
 *fill*         0x20000038      0x200 
                0x20000238                . = ALIGN (0x4)

.memory_b1_text
 *(.mb1text)
 *(.mb1text*)
 *(.mb1rodata)
 *(.mb1rodata*)

/DISCARD/
 libc.a(*)
 libm.a(*)
 libgcc.a(*)

.ARM.attributes
                0x00000000       0x29
 *(.ARM.attributes)
 .ARM.attributes
                0x00000000       0x1d e:/cross_tool/bin/../lib/gcc/arm-none-eabi/4.8.3/armv7-m/crti.o
 .ARM.attributes
                0x0000001d       0x2d e:/cross_tool/bin/../lib/gcc/arm-none-eabi/4.8.3/armv7-m/crtbegin.o
 .ARM.attributes
                0x0000004a       0x33 ./USER/CoIDE_startup.o
 .ARM.attributes
                0x0000007d       0x33 ./USER/main.o
 .ARM.attributes
                0x000000b0       0x33 ./USER/stm32f10x_it.o
 .ARM.attributes
                0x000000e3       0x33 ./USER/system_stm32f10x.o
 .ARM.attributes
                0x00000116       0x33 ./USER/uart_isp.o
 .ARM.attributes
                0x00000149       0x33 ./STM32F10x_FWLib/src/misc.o
 .ARM.attributes
                0x0000017c       0x33 ./STM32F10x_FWLib/src/stm32f10x_flash.o
 .ARM.attributes
                0x000001af       0x33 ./STM32F10x_FWLib/src/stm32f10x_gpio.o
 .ARM.attributes
                0x000001e2       0x33 ./STM32F10x_FWLib/src/stm32f10x_rcc.o
 .ARM.attributes
                0x00000215       0x33 ./STM32F10x_FWLib/src/stm32f10x_systick.o
 .ARM.attributes
                0x00000248       0x33 ./STM32F10x_FWLib/src/stm32f10x_usart.o
 .ARM.attributes
                0x0000027b       0x33 ./SYSTEM/delay.o
 .ARM.attributes
                0x000002ae       0x33 ./SYSTEM/sys.o
 .ARM.attributes
                0x000002e1       0x33 ./HARDWARE/led.o
 .ARM.attributes
                0x00000314       0x1d e:/cross_tool/bin/../lib/gcc/arm-none-eabi/4.8.3/armv7-m/crtn.o
OUTPUT(BOOT.elf elf32-littlearm)

.debug_info     0x00000000     0x4322
 .debug_info    0x00000000       0xed ./USER/CoIDE_startup.o
 .debug_info    0x000000ed      0x4b0 ./USER/main.o
 .debug_info    0x0000059d      0x133 ./USER/stm32f10x_it.o
 .debug_info    0x000006d0      0x47d ./USER/system_stm32f10x.o
 .debug_info    0x00000b4d      0xa7d ./USER/uart_isp.o
 .debug_info    0x000015ca      0x4d3 ./STM32F10x_FWLib/src/misc.o
 .debug_info    0x00001a9d      0x7b5 ./STM32F10x_FWLib/src/stm32f10x_flash.o
 .debug_info    0x00002252      0x6eb ./STM32F10x_FWLib/src/stm32f10x_gpio.o
 .debug_info    0x0000293d      0x891 ./STM32F10x_FWLib/src/stm32f10x_rcc.o
 .debug_info    0x000031ce      0x26c ./STM32F10x_FWLib/src/stm32f10x_systick.o
 .debug_info    0x0000343a      0x9ec ./STM32F10x_FWLib/src/stm32f10x_usart.o
 .debug_info    0x00003e26      0x1f5 ./SYSTEM/delay.o
 .debug_info    0x0000401b       0xf6 ./SYSTEM/sys.o
 .debug_info    0x00004111      0x211 ./HARDWARE/led.o

.debug_abbrev   0x00000000     0x11f9
 .debug_abbrev  0x00000000       0xa9 ./USER/CoIDE_startup.o
 .debug_abbrev  0x000000a9      0x1f0 ./USER/main.o
 .debug_abbrev  0x00000299       0x67 ./USER/stm32f10x_it.o
 .debug_abbrev  0x00000300      0x14e ./USER/system_stm32f10x.o
 .debug_abbrev  0x0000044e      0x25b ./USER/uart_isp.o
 .debug_abbrev  0x000006a9      0x147 ./STM32F10x_FWLib/src/misc.o
 .debug_abbrev  0x000007f0      0x18d ./STM32F10x_FWLib/src/stm32f10x_flash.o
 .debug_abbrev  0x0000097d      0x1ca ./STM32F10x_FWLib/src/stm32f10x_gpio.o
 .debug_abbrev  0x00000b47      0x1bc ./STM32F10x_FWLib/src/stm32f10x_rcc.o
 .debug_abbrev  0x00000d03      0x137 ./STM32F10x_FWLib/src/stm32f10x_systick.o
 .debug_abbrev  0x00000e3a      0x164 ./STM32F10x_FWLib/src/stm32f10x_usart.o
 .debug_abbrev  0x00000f9e       0xfc ./SYSTEM/delay.o
 .debug_abbrev  0x0000109a       0x7d ./SYSTEM/sys.o
 .debug_abbrev  0x00001117       0xe2 ./HARDWARE/led.o

.debug_aranges  0x00000000      0x660
 .debug_aranges
                0x00000000       0x28 ./USER/CoIDE_startup.o
 .debug_aranges
                0x00000028       0x60 ./USER/main.o
 .debug_aranges
                0x00000088       0x60 ./USER/stm32f10x_it.o
 .debug_aranges
                0x000000e8       0x38 ./USER/system_stm32f10x.o
 .debug_aranges
                0x00000120       0x90 ./USER/uart_isp.o
 .debug_aranges
                0x000001b0       0x38 ./STM32F10x_FWLib/src/misc.o
 .debug_aranges
                0x000001e8       0xf8 ./STM32F10x_FWLib/src/stm32f10x_flash.o
 .debug_aranges
                0x000002e0       0xa8 ./STM32F10x_FWLib/src/stm32f10x_gpio.o
 .debug_aranges
                0x00000388      0x118 ./STM32F10x_FWLib/src/stm32f10x_rcc.o
 .debug_aranges
                0x000004a0       0x48 ./STM32F10x_FWLib/src/stm32f10x_systick.o
 .debug_aranges
                0x000004e8      0x100 ./STM32F10x_FWLib/src/stm32f10x_usart.o
 .debug_aranges
                0x000005e8       0x30 ./SYSTEM/delay.o
 .debug_aranges
                0x00000618       0x28 ./SYSTEM/sys.o
 .debug_aranges
                0x00000640       0x20 ./HARDWARE/led.o

.debug_ranges   0x00000000      0x580
 .debug_ranges  0x00000000       0x18 ./USER/CoIDE_startup.o
 .debug_ranges  0x00000018       0x50 ./USER/main.o
 .debug_ranges  0x00000068       0x50 ./USER/stm32f10x_it.o
 .debug_ranges  0x000000b8       0x28 ./USER/system_stm32f10x.o
 .debug_ranges  0x000000e0       0x80 ./USER/uart_isp.o
 .debug_ranges  0x00000160       0x28 ./STM32F10x_FWLib/src/misc.o
 .debug_ranges  0x00000188       0xe8 ./STM32F10x_FWLib/src/stm32f10x_flash.o
 .debug_ranges  0x00000270       0x98 ./STM32F10x_FWLib/src/stm32f10x_gpio.o
 .debug_ranges  0x00000308      0x108 ./STM32F10x_FWLib/src/stm32f10x_rcc.o
 .debug_ranges  0x00000410       0x38 ./STM32F10x_FWLib/src/stm32f10x_systick.o
 .debug_ranges  0x00000448       0xf0 ./STM32F10x_FWLib/src/stm32f10x_usart.o
 .debug_ranges  0x00000538       0x20 ./SYSTEM/delay.o
 .debug_ranges  0x00000558       0x18 ./SYSTEM/sys.o
 .debug_ranges  0x00000570       0x10 ./HARDWARE/led.o

.debug_line     0x00000000     0x1cf7
 .debug_line    0x00000000       0x68 ./USER/CoIDE_startup.o
 .debug_line    0x00000068      0x23f ./USER/main.o
 .debug_line    0x000002a7      0x15d ./USER/stm32f10x_it.o
 .debug_line    0x00000404      0x16b ./USER/system_stm32f10x.o
 .debug_line    0x0000056f      0x39e ./USER/uart_isp.o
 .debug_line    0x0000090d      0x147 ./STM32F10x_FWLib/src/misc.o
 .debug_line    0x00000a54      0x3f0 ./STM32F10x_FWLib/src/stm32f10x_flash.o
 .debug_line    0x00000e44      0x2c5 ./STM32F10x_FWLib/src/stm32f10x_gpio.o
 .debug_line    0x00001109      0x3d3 ./STM32F10x_FWLib/src/stm32f10x_rcc.o
 .debug_line    0x000014dc      0x158 ./STM32F10x_FWLib/src/stm32f10x_systick.o
 .debug_line    0x00001634      0x3b0 ./STM32F10x_FWLib/src/stm32f10x_usart.o
 .debug_line    0x000019e4      0x12a ./SYSTEM/delay.o
 .debug_line    0x00001b0e       0xe4 ./SYSTEM/sys.o
 .debug_line    0x00001bf2      0x105 ./HARDWARE/led.o

.debug_str      0x00000000     0x1c7c
 .debug_str     0x00000000      0x134 ./USER/CoIDE_startup.o
                                0x146 (size before relaxing)
 .debug_str     0x00000134      0x232 ./USER/main.o
                                0x35e (size before relaxing)
 .debug_str     0x00000366       0xa4 ./USER/stm32f10x_it.o
                                0x205 (size before relaxing)
 .debug_str     0x0000040a      0x166 ./USER/system_stm32f10x.o
                                0x305 (size before relaxing)
 .debug_str     0x00000570      0x7a6 ./USER/uart_isp.o
                                0x9f9 (size before relaxing)
 .debug_str     0x00000d16       0xf7 ./STM32F10x_FWLib/src/misc.o
                                0x39b (size before relaxing)
 .debug_str     0x00000e0d      0x3b4 ./STM32F10x_FWLib/src/stm32f10x_flash.o
                                0x60c (size before relaxing)
 .debug_str     0x000011c1      0x242 ./STM32F10x_FWLib/src/stm32f10x_gpio.o
                                0x53d (size before relaxing)
 .debug_str     0x00001403      0x3cb ./STM32F10x_FWLib/src/stm32f10x_rcc.o
                                0x63e (size before relaxing)
 .debug_str     0x000017ce       0xeb ./STM32F10x_FWLib/src/stm32f10x_systick.o
                                0x2c6 (size before relaxing)
 .debug_str     0x000018b9      0x345 ./STM32F10x_FWLib/src/stm32f10x_usart.o
                                0x6b4 (size before relaxing)
 .debug_str     0x00001bfe       0x3a ./SYSTEM/delay.o
                                0x207 (size before relaxing)
 .debug_str     0x00001c38       0x2c ./SYSTEM/sys.o
                                0x1c1 (size before relaxing)
 .debug_str     0x00001c64       0x18 ./HARDWARE/led.o
                                0x2e2 (size before relaxing)

.comment        0x00000000       0x70
 .comment       0x00000000       0x70 ./USER/CoIDE_startup.o
                                 0x71 (size before relaxing)
 .comment       0x00000000       0x71 ./USER/main.o
 .comment       0x00000000       0x71 ./USER/stm32f10x_it.o
 .comment       0x00000000       0x71 ./USER/system_stm32f10x.o
 .comment       0x00000000       0x71 ./USER/uart_isp.o
 .comment       0x00000000       0x71 ./STM32F10x_FWLib/src/misc.o
 .comment       0x00000000       0x71 ./STM32F10x_FWLib/src/stm32f10x_flash.o
 .comment       0x00000000       0x71 ./STM32F10x_FWLib/src/stm32f10x_gpio.o
 .comment       0x00000000       0x71 ./STM32F10x_FWLib/src/stm32f10x_rcc.o
 .comment       0x00000000       0x71 ./STM32F10x_FWLib/src/stm32f10x_systick.o
 .comment       0x00000000       0x71 ./STM32F10x_FWLib/src/stm32f10x_usart.o
 .comment       0x00000000       0x71 ./SYSTEM/delay.o
 .comment       0x00000000       0x71 ./SYSTEM/sys.o
 .comment       0x00000000       0x71 ./HARDWARE/led.o

.debug_frame    0x00000000     0x12d8
 .debug_frame   0x00000000       0x48 ./USER/CoIDE_startup.o
 .debug_frame   0x00000048      0x128 ./USER/main.o
 .debug_frame   0x00000170       0xe8 ./USER/stm32f10x_it.o
 .debug_frame   0x00000258       0x80 ./USER/system_stm32f10x.o
 .debug_frame   0x000002d8      0x1dc ./USER/uart_isp.o
 .debug_frame   0x000004b4       0x80 ./STM32F10x_FWLib/src/misc.o
 .debug_frame   0x00000534      0x338 ./STM32F10x_FWLib/src/stm32f10x_flash.o
 .debug_frame   0x0000086c      0x210 ./STM32F10x_FWLib/src/stm32f10x_gpio.o
 .debug_frame   0x00000a7c      0x388 ./STM32F10x_FWLib/src/stm32f10x_rcc.o
 .debug_frame   0x00000e04       0xb4 ./STM32F10x_FWLib/src/stm32f10x_systick.o
 .debug_frame   0x00000eb8      0x344 ./STM32F10x_FWLib/src/stm32f10x_usart.o
 .debug_frame   0x000011fc       0x64 ./SYSTEM/delay.o
 .debug_frame   0x00001260       0x48 ./SYSTEM/sys.o
 .debug_frame   0x000012a8       0x30 ./HARDWARE/led.o
